Initializing nucleic acids...done.
Calculating ensemble energy...done.

Ensemble energy for testFile_RA7680.pfs: -34.6722 kcal/mol

Ensemble energy calculation complete.
