Ensemble energy for testFile_RA7680.pfs: -34.6722 kcal/mol

