Initializing nucleic acids...done.
Calculating partition function...done.
Calculating ensemble energy...done.

Ensemble energy for testFiles/testFile_RA7680.seq: -20.2324 kcal/mol

Ensemble energy calculation complete.
